/data/pdb/01/201L-A.pdb
/data/pdb/02/102L-A.pdb
/data/pdb/03/103L-A.pdb
/data/pdb/CK/1CK0-H.pdb
/data/pdb/CK/1CKZ-A.pdb
/data/pdb/CK/2CKW-A.pdb
/data/pdb/CK/3CKK-A.pdb
/data/pdb/CK/5CK3-A.pdb
/data/pdb/CK/6CK8-A.pdb
/data/pdb/CK/7CK5-A.pdb
/data/pdb/CK/1CK0-L.pdb
/data/pdb/CK/2CK0-P.pdb
/data/pdb/CK/2CKX-A.pdb
/data/pdb/CK/3CKL-A.pdb
/data/pdb/CK/5CK5-A.pdb
/data/pdb/CK/6CK9-B.pdb
/data/pdb/CK/7CK8-A.pdb
/data/pdb/CK/1CK3-A.pdb
/data/pdb/CK/2CK2-A.pdb
/data/pdb/CK/2CKZ-A.pdb
/data/pdb/CK/3CKM-A.pdb
/data/pdb/CK/5CK6-A.pdb
/data/pdb/CK/6CK9-G.pdb
/data/pdb/CK/7CKA-A.pdb
/data/pdb/CK/1CK4-A.pdb
/data/pdb/CK/2CK4-A.pdb
/data/pdb/CK/3CK1-A.pdb
/data/pdb/CK/3CKX-A.pdb
/data/pdb/CK/5CK7-A.pdb
/data/pdb/CK/6CKB-A.pdb
/data/pdb/CK/7CKE-A.pdb
/data/pdb/CK/1CKA-B.pdb
/data/pdb/CK/2CK5-A.pdb
/data/pdb/CK/3CK2-A.pdb
/data/pdb/CK/3CKY-A.pdb
/data/pdb/CK/5CKA-A.pdb
/data/pdb/CK/6CKF-A.pdb
/data/pdb/CK/7CKF-A.pdb
/data/pdb/CK/1CKB-B.pdb
/data/pdb/CK/2CKA-A.pdb
/data/pdb/CK/3CK4-A.pdb
/data/pdb/CK/4CKC-A.pdb
/data/pdb/CK/5CKG-A.pdb
/data/pdb/CK/6CKG-A.pdb
/data/pdb/CK/7CKH-A.pdb
/data/pdb/CK/1CKC-A.pdb
/data/pdb/CK/2CKC-A.pdb
/data/pdb/CK/3CK4-B.pdb
/data/pdb/CK/4CKC-B.pdb
/data/pdb/CK/5CKL-A.pdb
/data/pdb/CK/6CKH-A.pdb
/data/pdb/CK/7CKI-A.pdb
/data/pdb/CK/1CKD-A.pdb
/data/pdb/CK/2CKE-A.pdb
/data/pdb/CK/3CK5-A.pdb
/data/pdb/CK/4CKI-A.pdb
/data/pdb/CK/5CKN-A.pdb
/data/pdb/CK/6CKO-A.pdb
/data/pdb/CK/7CKJ-A.pdb
/data/pdb/CK/1CKE-A.pdb
/data/pdb/CK/2CKF-A.pdb
/data/pdb/CK/3CK6-A.pdb
/data/pdb/CK/4CKM-A.pdb
/data/pdb/CK/5CKQ-A.pdb
/data/pdb/CK/6CKO-C.pdb
/data/pdb/CK/7CKK-A.pdb
/data/pdb/CK/1CKF-A.pdb
/data/pdb/CK/2CKF-B.pdb
/data/pdb/CK/3CK9-A.pdb
/data/pdb/CK/4CKN-A.pdb
/data/pdb/CK/5CKT-D.pdb
/data/pdb/CK/6CKP-A.pdb
/data/pdb/CK/7CKL-B.pdb
/data/pdb/CK/1CKG-A.pdb
/data/pdb/CK/2CKJ-A.pdb
/data/pdb/CK/3CKA-A.pdb
/data/pdb/CK/4CKP-A.pdb
/data/pdb/CK/5CKU-A.pdb
/data/pdb/CK/6CKQ-A.pdb
/data/pdb/CK/7CKM-B.pdb
/data/pdb/CK/1CKH-A.pdb
/data/pdb/CK/2CKK-A.pdb
/data/pdb/CK/3CKD-A.pdb
/data/pdb/CK/4CKQ-A.pdb
/data/pdb/CK/5CKW-A.pdb
/data/pdb/CK/6CKT-A.pdb
/data/pdb/CK/7CKQ-F.pdb
/data/pdb/CK/1CKK-B.pdb
/data/pdb/CK/2CKL-B.pdb
/data/pdb/CK/3CKF-A.pdb
/data/pdb/CK/4CKT-A.pdb
/data/pdb/CK/5CKX-C.pdb
/data/pdb/CK/6CKU-A.pdb
/data/pdb/CK/7CKV-A.pdb
/data/pdb/CK/1CKM-A.pdb
/data/pdb/CK/2CKN-A.pdb
/data/pdb/CK/3CKG-A.pdb
/data/pdb/CK/4CKW-A.pdb
/data/pdb/CK/5CKY-O.pdb
/data/pdb/CK/6CKV-A.pdb
/data/pdb/CK/7CKW-A.pdb
/data/pdb/CK/1CKR-A.pdb
/data/pdb/CK/2CKO-A.pdb
/data/pdb/CK/3CKI-A.pdb
/data/pdb/CK/4CKX-A.pdb
/data/pdb/CK/6CK0-A.pdb
/data/pdb/CK/6CKY-A.pdb
/data/pdb/CK/7CKY-R.pdb
/data/pdb/CK/1CKT-A.pdb
/data/pdb/CK/2CKR-A.pdb
/data/pdb/CK/3CKI-B.pdb
/data/pdb/CK/5CK0-A.pdb
/data/pdb/CK/6CK1-A.pdb
/data/pdb/CK/7CK2-A.pdb
/data/pdb/CK/1CKY-A.pdb
/data/pdb/CK/2CKS-A.pdb
/data/pdb/CK/3CKJ-A.pdb
/data/pdb/CK/5CK1-A.pdb
/data/pdb/CK/6CK2-B.pdb
/data/pdb/CK/7CK4-A.pdb
/data/pdb/CK/6CK1-A.pdb
/data/pdb/CK/7CK2-A.pdb
/data/pdb/CK/1CKY-A.pdb
/data/pdb/CK/2CKS-A.pdb
/data/pdb/CK/3CKJ-A.pdb
/data/pdb/CK/5CK1-A.pdb
/data/pdb/CK/6CK2-B.pdb
/data/pdb/CK/7CK4-A.pdb